0: wqd10nba06g1
2: wqd10nba06g3
3: wqd10nba06g4
5: wqd10nba07g6
7: wqd10nba07g8
6: wqd10nba07g7
4: wqd10nba06g5
1: wqd10nba06g2
ENERGY_FULL10000_V5_PHASE formal continuous_energy six_channels
0: ENERGY_FULL10000_V5_VERIFIED validation continuous_energy 483743
2: ENERGY_FULL10000_V5_VERIFIED validation continuous_energy 483743
6: ENERGY_FULL10000_V5_VERIFIED validation continuous_energy 483743
4: ENERGY_FULL10000_V5_VERIFIED validation continuous_energy 483743
5: ENERGY_FULL10000_V5_VERIFIED validation continuous_energy 483743
3: ENERGY_FULL10000_V5_VERIFIED validation continuous_energy 483743
1: ENERGY_FULL10000_V5_VERIFIED validation continuous_energy 483743
7: ENERGY_FULL10000_V5_VERIFIED validation continuous_energy 483743
0: ENERGY_FULL_PHASE 440_single
0: ELLIPSE_ITERATION full_440_single 50/10000
0: ELLIPSE_ITERATION full_440_single 100/10000
0: ELLIPSE_ITERATION full_440_single 150/10000
0: ELLIPSE_ITERATION full_440_single 200/10000
0: ELLIPSE_ITERATION full_440_single 250/10000
0: ELLIPSE_ITERATION full_440_single 300/10000
0: ELLIPSE_ITERATION full_440_single 350/10000
0: ELLIPSE_ITERATION full_440_single 400/10000
0: ELLIPSE_ITERATION full_440_single 450/10000
0: ELLIPSE_ITERATION full_440_single 500/10000
0: ELLIPSE_ITERATION full_440_single 550/10000
0: ELLIPSE_ITERATION full_440_single 600/10000
0: ELLIPSE_ITERATION full_440_single 650/10000
0: ELLIPSE_ITERATION full_440_single 700/10000
0: ELLIPSE_ITERATION full_440_single 750/10000
0: ELLIPSE_ITERATION full_440_single 800/10000
0: ELLIPSE_ITERATION full_440_single 850/10000
0: ELLIPSE_ITERATION full_440_single 900/10000
0: ELLIPSE_ITERATION full_440_single 950/10000
0: ELLIPSE_ITERATION full_440_single 1000/10000
0: ELLIPSE_ITERATION full_440_single 1050/10000
0: ELLIPSE_ITERATION full_440_single 1100/10000
0: ELLIPSE_ITERATION full_440_single 1150/10000
0: ELLIPSE_ITERATION full_440_single 1200/10000
0: ELLIPSE_ITERATION full_440_single 1250/10000
0: ELLIPSE_ITERATION full_440_single 1300/10000
0: ELLIPSE_ITERATION full_440_single 1350/10000
0: ELLIPSE_ITERATION full_440_single 1400/10000
0: ELLIPSE_ITERATION full_440_single 1450/10000
0: ELLIPSE_ITERATION full_440_single 1500/10000
0: ELLIPSE_ITERATION full_440_single 1550/10000
0: ELLIPSE_ITERATION full_440_single 1600/10000
0: ELLIPSE_ITERATION full_440_single 1650/10000
0: ELLIPSE_ITERATION full_440_single 1700/10000
0: ELLIPSE_ITERATION full_440_single 1750/10000
0: ELLIPSE_ITERATION full_440_single 1800/10000
0: ELLIPSE_ITERATION full_440_single 1850/10000
0: ELLIPSE_ITERATION full_440_single 1900/10000
0: ELLIPSE_ITERATION full_440_single 1950/10000
0: ELLIPSE_ITERATION full_440_single 2000/10000
0: ELLIPSE_ITERATION full_440_single 2050/10000
0: ELLIPSE_ITERATION full_440_single 2100/10000
0: ELLIPSE_ITERATION full_440_single 2150/10000
0: ELLIPSE_ITERATION full_440_single 2200/10000
0: ELLIPSE_ITERATION full_440_single 2250/10000
0: ELLIPSE_ITERATION full_440_single 2300/10000
0: ELLIPSE_ITERATION full_440_single 2350/10000
0: ELLIPSE_ITERATION full_440_single 2400/10000
0: ELLIPSE_ITERATION full_440_single 2450/10000
0: ELLIPSE_ITERATION full_440_single 2500/10000
0: ELLIPSE_ITERATION full_440_single 2550/10000
0: ELLIPSE_ITERATION full_440_single 2600/10000
0: ELLIPSE_ITERATION full_440_single 2650/10000
0: ELLIPSE_ITERATION full_440_single 2700/10000
0: ELLIPSE_ITERATION full_440_single 2750/10000
0: ELLIPSE_ITERATION full_440_single 2800/10000
0: ELLIPSE_ITERATION full_440_single 2850/10000
0: ELLIPSE_ITERATION full_440_single 2900/10000
0: ELLIPSE_ITERATION full_440_single 2950/10000
0: ELLIPSE_ITERATION full_440_single 3000/10000
0: ELLIPSE_ITERATION full_440_single 3050/10000
0: ELLIPSE_ITERATION full_440_single 3100/10000
0: ELLIPSE_ITERATION full_440_single 3150/10000
0: ELLIPSE_ITERATION full_440_single 3200/10000
0: ELLIPSE_ITERATION full_440_single 3250/10000
0: ELLIPSE_ITERATION full_440_single 3300/10000
0: ELLIPSE_ITERATION full_440_single 3350/10000
0: ELLIPSE_ITERATION full_440_single 3400/10000
0: ELLIPSE_ITERATION full_440_single 3450/10000
0: ELLIPSE_ITERATION full_440_single 3500/10000
0: ELLIPSE_ITERATION full_440_single 3550/10000
0: ELLIPSE_ITERATION full_440_single 3600/10000
0: ELLIPSE_ITERATION full_440_single 3650/10000
0: ELLIPSE_ITERATION full_440_single 3700/10000
0: ELLIPSE_ITERATION full_440_single 3750/10000
0: ELLIPSE_ITERATION full_440_single 3800/10000
0: ELLIPSE_ITERATION full_440_single 3850/10000
0: ELLIPSE_ITERATION full_440_single 3900/10000
0: ELLIPSE_ITERATION full_440_single 3950/10000
0: ELLIPSE_ITERATION full_440_single 4000/10000
0: ELLIPSE_ITERATION full_440_single 4050/10000
0: ELLIPSE_ITERATION full_440_single 4100/10000
0: ELLIPSE_ITERATION full_440_single 4150/10000
0: ELLIPSE_ITERATION full_440_single 4200/10000
0: ELLIPSE_ITERATION full_440_single 4250/10000
0: ELLIPSE_ITERATION full_440_single 4300/10000
0: ELLIPSE_ITERATION full_440_single 4350/10000
0: ELLIPSE_ITERATION full_440_single 4400/10000
0: ELLIPSE_ITERATION full_440_single 4450/10000
0: ELLIPSE_ITERATION full_440_single 4500/10000
0: ELLIPSE_ITERATION full_440_single 4550/10000
0: ELLIPSE_ITERATION full_440_single 4600/10000
0: ELLIPSE_ITERATION full_440_single 4650/10000
0: ELLIPSE_ITERATION full_440_single 4700/10000
0: ELLIPSE_ITERATION full_440_single 4750/10000
0: ELLIPSE_ITERATION full_440_single 4800/10000
0: ELLIPSE_ITERATION full_440_single 4850/10000
0: ELLIPSE_ITERATION full_440_single 4900/10000
0: ELLIPSE_ITERATION full_440_single 4950/10000
0: ELLIPSE_ITERATION full_440_single 5000/10000
0: ELLIPSE_ITERATION full_440_single 5050/10000
0: ELLIPSE_ITERATION full_440_single 5100/10000
0: ELLIPSE_ITERATION full_440_single 5150/10000
0: ELLIPSE_ITERATION full_440_single 5200/10000
0: ELLIPSE_ITERATION full_440_single 5250/10000
0: ELLIPSE_ITERATION full_440_single 5300/10000
0: ELLIPSE_ITERATION full_440_single 5350/10000
0: ELLIPSE_ITERATION full_440_single 5400/10000
0: ELLIPSE_ITERATION full_440_single 5450/10000
0: ELLIPSE_ITERATION full_440_single 5500/10000
0: ELLIPSE_ITERATION full_440_single 5550/10000
0: ELLIPSE_ITERATION full_440_single 5600/10000
0: ELLIPSE_ITERATION full_440_single 5650/10000
0: ELLIPSE_ITERATION full_440_single 5700/10000
0: ELLIPSE_ITERATION full_440_single 5750/10000
0: ELLIPSE_ITERATION full_440_single 5800/10000
0: ELLIPSE_ITERATION full_440_single 5850/10000
0: ELLIPSE_ITERATION full_440_single 5900/10000
0: ELLIPSE_ITERATION full_440_single 5950/10000
0: ELLIPSE_ITERATION full_440_single 6000/10000
0: ELLIPSE_ITERATION full_440_single 6050/10000
0: ELLIPSE_ITERATION full_440_single 6100/10000
0: ELLIPSE_ITERATION full_440_single 6150/10000
0: ELLIPSE_ITERATION full_440_single 6200/10000
0: ELLIPSE_ITERATION full_440_single 6250/10000
0: ELLIPSE_ITERATION full_440_single 6300/10000
0: ELLIPSE_ITERATION full_440_single 6350/10000
0: ELLIPSE_ITERATION full_440_single 6400/10000
0: ELLIPSE_ITERATION full_440_single 6450/10000
0: ELLIPSE_ITERATION full_440_single 6500/10000
0: ELLIPSE_ITERATION full_440_single 6550/10000
0: ELLIPSE_ITERATION full_440_single 6600/10000
0: ELLIPSE_ITERATION full_440_single 6650/10000
0: ELLIPSE_ITERATION full_440_single 6700/10000
0: ELLIPSE_ITERATION full_440_single 6750/10000
0: ELLIPSE_ITERATION full_440_single 6800/10000
0: ELLIPSE_ITERATION full_440_single 6850/10000
0: ELLIPSE_ITERATION full_440_single 6900/10000
0: ELLIPSE_ITERATION full_440_single 6950/10000
0: ELLIPSE_ITERATION full_440_single 7000/10000
0: ELLIPSE_ITERATION full_440_single 7050/10000
0: ELLIPSE_ITERATION full_440_single 7100/10000
0: ELLIPSE_ITERATION full_440_single 7150/10000
0: ELLIPSE_ITERATION full_440_single 7200/10000
0: ELLIPSE_ITERATION full_440_single 7250/10000
0: ELLIPSE_ITERATION full_440_single 7300/10000
0: ELLIPSE_ITERATION full_440_single 7350/10000
0: ELLIPSE_ITERATION full_440_single 7400/10000
0: ELLIPSE_ITERATION full_440_single 7450/10000
0: ELLIPSE_ITERATION full_440_single 7500/10000
0: ELLIPSE_ITERATION full_440_single 7550/10000
0: ELLIPSE_ITERATION full_440_single 7600/10000
0: ELLIPSE_ITERATION full_440_single 7650/10000
0: ELLIPSE_ITERATION full_440_single 7700/10000
0: ELLIPSE_ITERATION full_440_single 7750/10000
0: ELLIPSE_ITERATION full_440_single 7800/10000
0: ELLIPSE_ITERATION full_440_single 7850/10000
0: ELLIPSE_ITERATION full_440_single 7900/10000
0: ELLIPSE_ITERATION full_440_single 7950/10000
0: ELLIPSE_ITERATION full_440_single 8000/10000
0: ELLIPSE_ITERATION full_440_single 8050/10000
0: ELLIPSE_ITERATION full_440_single 8100/10000
0: ELLIPSE_ITERATION full_440_single 8150/10000
0: ELLIPSE_ITERATION full_440_single 8200/10000
0: ELLIPSE_ITERATION full_440_single 8250/10000
0: ELLIPSE_ITERATION full_440_single 8300/10000
0: ELLIPSE_ITERATION full_440_single 8350/10000
0: ELLIPSE_ITERATION full_440_single 8400/10000
0: ELLIPSE_ITERATION full_440_single 8450/10000
0: ELLIPSE_ITERATION full_440_single 8500/10000
0: ELLIPSE_ITERATION full_440_single 8550/10000
0: ELLIPSE_ITERATION full_440_single 8600/10000
0: ELLIPSE_ITERATION full_440_single 8650/10000
0: ELLIPSE_ITERATION full_440_single 8700/10000
0: ELLIPSE_ITERATION full_440_single 8750/10000
0: ELLIPSE_ITERATION full_440_single 8800/10000
0: ELLIPSE_ITERATION full_440_single 8850/10000
0: ELLIPSE_ITERATION full_440_single 8900/10000
0: ELLIPSE_ITERATION full_440_single 8950/10000
0: ELLIPSE_ITERATION full_440_single 9000/10000
0: ELLIPSE_ITERATION full_440_single 9050/10000
0: ELLIPSE_ITERATION full_440_single 9100/10000
0: ELLIPSE_ITERATION full_440_single 9150/10000
0: ELLIPSE_ITERATION full_440_single 9200/10000
0: ELLIPSE_ITERATION full_440_single 9250/10000
0: ELLIPSE_ITERATION full_440_single 9300/10000
0: ELLIPSE_ITERATION full_440_single 9350/10000
0: ELLIPSE_ITERATION full_440_single 9400/10000
0: ELLIPSE_ITERATION full_440_single 9450/10000
0: ELLIPSE_ITERATION full_440_single 9500/10000
0: ELLIPSE_ITERATION full_440_single 9550/10000
0: ELLIPSE_ITERATION full_440_single 9600/10000
0: ELLIPSE_ITERATION full_440_single 9650/10000
0: ELLIPSE_ITERATION full_440_single 9700/10000
0: ELLIPSE_ITERATION full_440_single 9750/10000
0: ELLIPSE_ITERATION full_440_single 9800/10000
0: ELLIPSE_ITERATION full_440_single 9850/10000
0: ELLIPSE_ITERATION full_440_single 9900/10000
0: ELLIPSE_ITERATION full_440_single 9950/10000
0: ELLIPSE_ITERATION full_440_single 10000/10000
0: ENERGY_FULL_PHASE 218_corrected
0: ELLIPSE_ITERATION full_218_corrected 50/10000
0: ELLIPSE_ITERATION full_218_corrected 100/10000
0: ELLIPSE_ITERATION full_218_corrected 150/10000
0: ELLIPSE_ITERATION full_218_corrected 200/10000
0: ELLIPSE_ITERATION full_218_corrected 250/10000
0: ELLIPSE_ITERATION full_218_corrected 300/10000
0: ELLIPSE_ITERATION full_218_corrected 350/10000
0: ELLIPSE_ITERATION full_218_corrected 400/10000
0: ELLIPSE_ITERATION full_218_corrected 450/10000
0: ELLIPSE_ITERATION full_218_corrected 500/10000
0: ELLIPSE_ITERATION full_218_corrected 550/10000
0: ELLIPSE_ITERATION full_218_corrected 600/10000
0: ELLIPSE_ITERATION full_218_corrected 650/10000
0: ELLIPSE_ITERATION full_218_corrected 700/10000
0: ELLIPSE_ITERATION full_218_corrected 750/10000
0: ELLIPSE_ITERATION full_218_corrected 800/10000
0: ELLIPSE_ITERATION full_218_corrected 850/10000
0: ELLIPSE_ITERATION full_218_corrected 900/10000
0: ELLIPSE_ITERATION full_218_corrected 950/10000
0: ELLIPSE_ITERATION full_218_corrected 1000/10000
0: ELLIPSE_ITERATION full_218_corrected 1050/10000
0: ELLIPSE_ITERATION full_218_corrected 1100/10000
0: ELLIPSE_ITERATION full_218_corrected 1150/10000
0: ELLIPSE_ITERATION full_218_corrected 1200/10000
0: ELLIPSE_ITERATION full_218_corrected 1250/10000
0: ELLIPSE_ITERATION full_218_corrected 1300/10000
0: ELLIPSE_ITERATION full_218_corrected 1350/10000
0: ELLIPSE_ITERATION full_218_corrected 1400/10000
0: ELLIPSE_ITERATION full_218_corrected 1450/10000
0: ELLIPSE_ITERATION full_218_corrected 1500/10000
0: ELLIPSE_ITERATION full_218_corrected 1550/10000
0: ELLIPSE_ITERATION full_218_corrected 1600/10000
0: ELLIPSE_ITERATION full_218_corrected 1650/10000
0: ELLIPSE_ITERATION full_218_corrected 1700/10000
0: ELLIPSE_ITERATION full_218_corrected 1750/10000
0: ELLIPSE_ITERATION full_218_corrected 1800/10000
0: ELLIPSE_ITERATION full_218_corrected 1850/10000
0: ELLIPSE_ITERATION full_218_corrected 1900/10000
0: ELLIPSE_ITERATION full_218_corrected 1950/10000
0: ELLIPSE_ITERATION full_218_corrected 2000/10000
0: ELLIPSE_ITERATION full_218_corrected 2050/10000
0: ELLIPSE_ITERATION full_218_corrected 2100/10000
0: ELLIPSE_ITERATION full_218_corrected 2150/10000
0: ELLIPSE_ITERATION full_218_corrected 2200/10000
0: ELLIPSE_ITERATION full_218_corrected 2250/10000
0: ELLIPSE_ITERATION full_218_corrected 2300/10000
0: ELLIPSE_ITERATION full_218_corrected 2350/10000
0: ELLIPSE_ITERATION full_218_corrected 2400/10000
0: ELLIPSE_ITERATION full_218_corrected 2450/10000
0: ELLIPSE_ITERATION full_218_corrected 2500/10000
0: ELLIPSE_ITERATION full_218_corrected 2550/10000
0: ELLIPSE_ITERATION full_218_corrected 2600/10000
0: ELLIPSE_ITERATION full_218_corrected 2650/10000
0: ELLIPSE_ITERATION full_218_corrected 2700/10000
0: ELLIPSE_ITERATION full_218_corrected 2750/10000
0: ELLIPSE_ITERATION full_218_corrected 2800/10000
0: ELLIPSE_ITERATION full_218_corrected 2850/10000
0: ELLIPSE_ITERATION full_218_corrected 2900/10000
0: ELLIPSE_ITERATION full_218_corrected 2950/10000
0: ELLIPSE_ITERATION full_218_corrected 3000/10000
0: ELLIPSE_ITERATION full_218_corrected 3050/10000
0: ELLIPSE_ITERATION full_218_corrected 3100/10000
0: ELLIPSE_ITERATION full_218_corrected 3150/10000
0: ELLIPSE_ITERATION full_218_corrected 3200/10000
0: ELLIPSE_ITERATION full_218_corrected 3250/10000
0: ELLIPSE_ITERATION full_218_corrected 3300/10000
0: ELLIPSE_ITERATION full_218_corrected 3350/10000
0: ELLIPSE_ITERATION full_218_corrected 3400/10000
0: ELLIPSE_ITERATION full_218_corrected 3450/10000
0: ELLIPSE_ITERATION full_218_corrected 3500/10000
0: ELLIPSE_ITERATION full_218_corrected 3550/10000
0: ELLIPSE_ITERATION full_218_corrected 3600/10000
0: ELLIPSE_ITERATION full_218_corrected 3650/10000
0: ELLIPSE_ITERATION full_218_corrected 3700/10000
0: ELLIPSE_ITERATION full_218_corrected 3750/10000
0: ELLIPSE_ITERATION full_218_corrected 3800/10000
0: ELLIPSE_ITERATION full_218_corrected 3850/10000
0: ELLIPSE_ITERATION full_218_corrected 3900/10000
0: ELLIPSE_ITERATION full_218_corrected 3950/10000
0: ELLIPSE_ITERATION full_218_corrected 4000/10000
0: ELLIPSE_ITERATION full_218_corrected 4050/10000
0: ELLIPSE_ITERATION full_218_corrected 4100/10000
0: ELLIPSE_ITERATION full_218_corrected 4150/10000
0: ELLIPSE_ITERATION full_218_corrected 4200/10000
0: ELLIPSE_ITERATION full_218_corrected 4250/10000
0: ELLIPSE_ITERATION full_218_corrected 4300/10000
0: ELLIPSE_ITERATION full_218_corrected 4350/10000
0: ELLIPSE_ITERATION full_218_corrected 4400/10000
0: ELLIPSE_ITERATION full_218_corrected 4450/10000
0: ELLIPSE_ITERATION full_218_corrected 4500/10000
0: ELLIPSE_ITERATION full_218_corrected 4550/10000
0: ELLIPSE_ITERATION full_218_corrected 4600/10000
0: ELLIPSE_ITERATION full_218_corrected 4650/10000
0: ELLIPSE_ITERATION full_218_corrected 4700/10000
0: ELLIPSE_ITERATION full_218_corrected 4750/10000
0: ELLIPSE_ITERATION full_218_corrected 4800/10000
0: ELLIPSE_ITERATION full_218_corrected 4850/10000
0: ELLIPSE_ITERATION full_218_corrected 4900/10000
0: ELLIPSE_ITERATION full_218_corrected 4950/10000
0: ELLIPSE_ITERATION full_218_corrected 5000/10000
0: ELLIPSE_ITERATION full_218_corrected 5050/10000
0: ELLIPSE_ITERATION full_218_corrected 5100/10000
0: ELLIPSE_ITERATION full_218_corrected 5150/10000
0: ELLIPSE_ITERATION full_218_corrected 5200/10000
0: ELLIPSE_ITERATION full_218_corrected 5250/10000
0: ELLIPSE_ITERATION full_218_corrected 5300/10000
0: ELLIPSE_ITERATION full_218_corrected 5350/10000
0: ELLIPSE_ITERATION full_218_corrected 5400/10000
0: ELLIPSE_ITERATION full_218_corrected 5450/10000
0: ELLIPSE_ITERATION full_218_corrected 5500/10000
0: ELLIPSE_ITERATION full_218_corrected 5550/10000
0: ELLIPSE_ITERATION full_218_corrected 5600/10000
0: ELLIPSE_ITERATION full_218_corrected 5650/10000
0: ELLIPSE_ITERATION full_218_corrected 5700/10000
0: ELLIPSE_ITERATION full_218_corrected 5750/10000
0: ELLIPSE_ITERATION full_218_corrected 5800/10000
0: ELLIPSE_ITERATION full_218_corrected 5850/10000
0: ELLIPSE_ITERATION full_218_corrected 5900/10000
0: ELLIPSE_ITERATION full_218_corrected 5950/10000
0: ELLIPSE_ITERATION full_218_corrected 6000/10000
0: ELLIPSE_ITERATION full_218_corrected 6050/10000
0: ELLIPSE_ITERATION full_218_corrected 6100/10000
0: ELLIPSE_ITERATION full_218_corrected 6150/10000
0: ELLIPSE_ITERATION full_218_corrected 6200/10000
0: ELLIPSE_ITERATION full_218_corrected 6250/10000
0: ELLIPSE_ITERATION full_218_corrected 6300/10000
0: ELLIPSE_ITERATION full_218_corrected 6350/10000
0: ELLIPSE_ITERATION full_218_corrected 6400/10000
0: ELLIPSE_ITERATION full_218_corrected 6450/10000
0: ELLIPSE_ITERATION full_218_corrected 6500/10000
0: ELLIPSE_ITERATION full_218_corrected 6550/10000
0: ELLIPSE_ITERATION full_218_corrected 6600/10000
0: ELLIPSE_ITERATION full_218_corrected 6650/10000
0: ELLIPSE_ITERATION full_218_corrected 6700/10000
0: ELLIPSE_ITERATION full_218_corrected 6750/10000
0: ELLIPSE_ITERATION full_218_corrected 6800/10000
0: ELLIPSE_ITERATION full_218_corrected 6850/10000
0: ELLIPSE_ITERATION full_218_corrected 6900/10000
0: ELLIPSE_ITERATION full_218_corrected 6950/10000
0: ELLIPSE_ITERATION full_218_corrected 7000/10000
0: ELLIPSE_ITERATION full_218_corrected 7050/10000
0: ELLIPSE_ITERATION full_218_corrected 7100/10000
0: ELLIPSE_ITERATION full_218_corrected 7150/10000
0: ELLIPSE_ITERATION full_218_corrected 7200/10000
0: ELLIPSE_ITERATION full_218_corrected 7250/10000
0: ELLIPSE_ITERATION full_218_corrected 7300/10000
0: ELLIPSE_ITERATION full_218_corrected 7350/10000
0: ELLIPSE_ITERATION full_218_corrected 7400/10000
0: ELLIPSE_ITERATION full_218_corrected 7450/10000
0: ELLIPSE_ITERATION full_218_corrected 7500/10000
0: ELLIPSE_ITERATION full_218_corrected 7550/10000
0: ELLIPSE_ITERATION full_218_corrected 7600/10000
0: ELLIPSE_ITERATION full_218_corrected 7650/10000
0: ELLIPSE_ITERATION full_218_corrected 7700/10000
0: ELLIPSE_ITERATION full_218_corrected 7750/10000
0: ELLIPSE_ITERATION full_218_corrected 7800/10000
0: ELLIPSE_ITERATION full_218_corrected 7850/10000
0: ELLIPSE_ITERATION full_218_corrected 7900/10000
0: ELLIPSE_ITERATION full_218_corrected 7950/10000
0: ELLIPSE_ITERATION full_218_corrected 8000/10000
0: ELLIPSE_ITERATION full_218_corrected 8050/10000
0: ELLIPSE_ITERATION full_218_corrected 8100/10000
0: ELLIPSE_ITERATION full_218_corrected 8150/10000
0: ELLIPSE_ITERATION full_218_corrected 8200/10000
0: ELLIPSE_ITERATION full_218_corrected 8250/10000
0: ELLIPSE_ITERATION full_218_corrected 8300/10000
0: ELLIPSE_ITERATION full_218_corrected 8350/10000
0: ELLIPSE_ITERATION full_218_corrected 8400/10000
0: ELLIPSE_ITERATION full_218_corrected 8450/10000
0: ELLIPSE_ITERATION full_218_corrected 8500/10000
0: ELLIPSE_ITERATION full_218_corrected 8550/10000
0: ELLIPSE_ITERATION full_218_corrected 8600/10000
0: ELLIPSE_ITERATION full_218_corrected 8650/10000
0: ELLIPSE_ITERATION full_218_corrected 8700/10000
0: ELLIPSE_ITERATION full_218_corrected 8750/10000
0: ELLIPSE_ITERATION full_218_corrected 8800/10000
0: ELLIPSE_ITERATION full_218_corrected 8850/10000
0: ELLIPSE_ITERATION full_218_corrected 8900/10000
0: ELLIPSE_ITERATION full_218_corrected 8950/10000
0: ELLIPSE_ITERATION full_218_corrected 9000/10000
0: ELLIPSE_ITERATION full_218_corrected 9050/10000
0: ELLIPSE_ITERATION full_218_corrected 9100/10000
0: ELLIPSE_ITERATION full_218_corrected 9150/10000
0: ELLIPSE_ITERATION full_218_corrected 9200/10000
0: ELLIPSE_ITERATION full_218_corrected 9250/10000
0: ELLIPSE_ITERATION full_218_corrected 9300/10000
0: ELLIPSE_ITERATION full_218_corrected 9350/10000
0: ELLIPSE_ITERATION full_218_corrected 9400/10000
0: ELLIPSE_ITERATION full_218_corrected 9450/10000
0: ELLIPSE_ITERATION full_218_corrected 9500/10000
0: ELLIPSE_ITERATION full_218_corrected 9550/10000
0: ELLIPSE_ITERATION full_218_corrected 9600/10000
0: ELLIPSE_ITERATION full_218_corrected 9650/10000
0: ELLIPSE_ITERATION full_218_corrected 9700/10000
0: ELLIPSE_ITERATION full_218_corrected 9750/10000
0: ELLIPSE_ITERATION full_218_corrected 9800/10000
0: ELLIPSE_ITERATION full_218_corrected 9850/10000
0: ELLIPSE_ITERATION full_218_corrected 9900/10000
0: ELLIPSE_ITERATION full_218_corrected 9950/10000
0: ELLIPSE_ITERATION full_218_corrected 10000/10000
0: ENERGY_FULL_PHASE compton_response
0: ENERGY_FULL10000_V5_PREPARE continuous_energy 0 1 2735
3: ENERGY_FULL10000_V5_PREPARE continuous_energy 3 1 2735
2: ENERGY_FULL10000_V5_PREPARE continuous_energy 2 1 2736
6: ENERGY_FULL10000_V5_PREPARE continuous_energy 6 1 2735
5: ENERGY_FULL10000_V5_PREPARE continuous_energy 5 1 2736
4: ENERGY_FULL10000_V5_PREPARE continuous_energy 4 1 2735
1: ENERGY_FULL10000_V5_PREPARE continuous_energy 1 1 2735
7: ENERGY_FULL10000_V5_PREPARE continuous_energy 7 1 2736
0: ENERGY_FULL10000_V5_PREPARE continuous_energy 0 2 2788
3: ENERGY_FULL10000_V5_PREPARE continuous_energy 3 2 2789
2: ENERGY_FULL10000_V5_PREPARE continuous_energy 2 2 2789
5: ENERGY_FULL10000_V5_PREPARE continuous_energy 5 2 2789
4: ENERGY_FULL10000_V5_PREPARE continuous_energy 4 2 2788
1: ENERGY_FULL10000_V5_PREPARE continuous_energy 1 2 2789
6: ENERGY_FULL10000_V5_PREPARE continuous_energy 6 2 2789
7: ENERGY_FULL10000_V5_PREPARE continuous_energy 7 2 2789
0: ENERGY_FULL10000_V5_PREPARE continuous_energy 0 3 2835
3: ENERGY_FULL10000_V5_PREPARE continuous_energy 3 3 2836
2: ENERGY_FULL10000_V5_PREPARE continuous_energy 2 3 2835
5: ENERGY_FULL10000_V5_PREPARE continuous_energy 5 3 2836
4: ENERGY_FULL10000_V5_PREPARE continuous_energy 4 3 2835
6: ENERGY_FULL10000_V5_PREPARE continuous_energy 6 3 2835
1: ENERGY_FULL10000_V5_PREPARE continuous_energy 1 3 2836
7: ENERGY_FULL10000_V5_PREPARE continuous_energy 7 3 2836
0: ENERGY_FULL10000_V5_PREPARE continuous_energy 0 4 2907
2: ENERGY_FULL10000_V5_PREPARE continuous_energy 2 4 2907
3: ENERGY_FULL10000_V5_PREPARE continuous_energy 3 4 2908
5: ENERGY_FULL10000_V5_PREPARE continuous_energy 5 4 2907
4: ENERGY_FULL10000_V5_PREPARE continuous_energy 4 4 2907
6: ENERGY_FULL10000_V5_PREPARE continuous_energy 6 4 2907
1: ENERGY_FULL10000_V5_PREPARE continuous_energy 1 4 2907
7: ENERGY_FULL10000_V5_PREPARE continuous_energy 7 4 2908
0: ENERGY_FULL10000_V5_PREPARE continuous_energy 0 5 2994
2: ENERGY_FULL10000_V5_PREPARE continuous_energy 2 5 2994
3: ENERGY_FULL10000_V5_PREPARE continuous_energy 3 5 2994
5: ENERGY_FULL10000_V5_PREPARE continuous_energy 5 5 2994
6: ENERGY_FULL10000_V5_PREPARE continuous_energy 6 5 2994
4: ENERGY_FULL10000_V5_PREPARE continuous_energy 4 5 2994
1: ENERGY_FULL10000_V5_PREPARE continuous_energy 1 5 2994
7: ENERGY_FULL10000_V5_PREPARE continuous_energy 7 5 2994
0: ENERGY_FULL10000_V5_PREPARE continuous_energy 0 6 3076
2: ENERGY_FULL10000_V5_PREPARE continuous_energy 2 6 3076
3: ENERGY_FULL10000_V5_PREPARE continuous_energy 3 6 3076
6: ENERGY_FULL10000_V5_PREPARE continuous_energy 6 6 3076
4: ENERGY_FULL10000_V5_PREPARE continuous_energy 4 6 3076
5: ENERGY_FULL10000_V5_PREPARE continuous_energy 5 6 3076
1: ENERGY_FULL10000_V5_PREPARE continuous_energy 1 6 3076
7: ENERGY_FULL10000_V5_PREPARE continuous_energy 7 6 3076
0: ENERGY_FULL10000_V5_PREPARE continuous_energy 0 7 3140
2: ENERGY_FULL10000_V5_PREPARE continuous_energy 2 7 3141
3: ENERGY_FULL10000_V5_PREPARE continuous_energy 3 7 3141
6: ENERGY_FULL10000_V5_PREPARE continuous_energy 6 7 3141
4: ENERGY_FULL10000_V5_PREPARE continuous_energy 4 7 3141
5: ENERGY_FULL10000_V5_PREPARE continuous_energy 5 7 3141
1: ENERGY_FULL10000_V5_PREPARE continuous_energy 1 7 3141
7: ENERGY_FULL10000_V5_PREPARE continuous_energy 7 7 3141
0: ENERGY_FULL10000_V5_PREPARE continuous_energy 0 8 3173
2: ENERGY_FULL10000_V5_PREPARE continuous_energy 2 8 3174
3: ENERGY_FULL10000_V5_PREPARE continuous_energy 3 8 3174
6: ENERGY_FULL10000_V5_PREPARE continuous_energy 6 8 3174
4: ENERGY_FULL10000_V5_PREPARE continuous_energy 4 8 3174
5: ENERGY_FULL10000_V5_PREPARE continuous_energy 5 8 3174
1: ENERGY_FULL10000_V5_PREPARE continuous_energy 1 8 3174
7: ENERGY_FULL10000_V5_PREPARE continuous_energy 7 8 3174
0: ENERGY_FULL10000_V5_PREPARE continuous_energy 0 9 3117
2: ENERGY_FULL10000_V5_PREPARE continuous_energy 2 9 3117
3: ENERGY_FULL10000_V5_PREPARE continuous_energy 3 9 3117
6: ENERGY_FULL10000_V5_PREPARE continuous_energy 6 9 3117
4: ENERGY_FULL10000_V5_PREPARE continuous_energy 4 9 3117
5: ENERGY_FULL10000_V5_PREPARE continuous_energy 5 9 3117
1: ENERGY_FULL10000_V5_PREPARE continuous_energy 1 9 3117
7: ENERGY_FULL10000_V5_PREPARE continuous_energy 7 9 3118
0: ENERGY_FULL10000_V5_PREPARE continuous_energy 0 10 3132
2: ENERGY_FULL10000_V5_PREPARE continuous_energy 2 10 3133
3: ENERGY_FULL10000_V5_PREPARE continuous_energy 3 10 3133
6: ENERGY_FULL10000_V5_PREPARE continuous_energy 6 10 3133
4: ENERGY_FULL10000_V5_PREPARE continuous_energy 4 10 3133
5: ENERGY_FULL10000_V5_PREPARE continuous_energy 5 10 3133
1: ENERGY_FULL10000_V5_PREPARE continuous_energy 1 10 3133
7: ENERGY_FULL10000_V5_PREPARE continuous_energy 7 10 3133
0: ENERGY_FULL10000_V5_PREPARE continuous_energy 0 11 3117
2: ENERGY_FULL10000_V5_PREPARE continuous_energy 2 11 3117
3: ENERGY_FULL10000_V5_PREPARE continuous_energy 3 11 3118
6: ENERGY_FULL10000_V5_PREPARE continuous_energy 6 11 3118
4: ENERGY_FULL10000_V5_PREPARE continuous_energy 4 11 3118
5: ENERGY_FULL10000_V5_PREPARE continuous_energy 5 11 3117
1: ENERGY_FULL10000_V5_PREPARE continuous_energy 1 11 3118
7: ENERGY_FULL10000_V5_PREPARE continuous_energy 7 11 3118
0: ENERGY_FULL10000_V5_PREPARE continuous_energy 0 12 3139
2: ENERGY_FULL10000_V5_PREPARE continuous_energy 2 12 3139
3: ENERGY_FULL10000_V5_PREPARE continuous_energy 3 12 3139
6: ENERGY_FULL10000_V5_PREPARE continuous_energy 6 12 3139
4: ENERGY_FULL10000_V5_PREPARE continuous_energy 4 12 3139
5: ENERGY_FULL10000_V5_PREPARE continuous_energy 5 12 3139
1: ENERGY_FULL10000_V5_PREPARE continuous_energy 1 12 3139
7: ENERGY_FULL10000_V5_PREPARE continuous_energy 7 12 3140
0: ENERGY_FULL10000_V5_PREPARE continuous_energy 0 13 3185
2: ENERGY_FULL10000_V5_PREPARE continuous_energy 2 13 3185
3: ENERGY_FULL10000_V5_PREPARE continuous_energy 3 13 3185
6: ENERGY_FULL10000_V5_PREPARE continuous_energy 6 13 3185
4: ENERGY_FULL10000_V5_PREPARE continuous_energy 4 13 3185
5: ENERGY_FULL10000_V5_PREPARE continuous_energy 5 13 3185
1: ENERGY_FULL10000_V5_PREPARE continuous_energy 1 13 3185
7: ENERGY_FULL10000_V5_PREPARE continuous_energy 7 13 3186
0: ENERGY_FULL10000_V5_PREPARE continuous_energy 0 14 3199
2: ENERGY_FULL10000_V5_PREPARE continuous_energy 2 14 3199
3: ENERGY_FULL10000_V5_PREPARE continuous_energy 3 14 3200
6: ENERGY_FULL10000_V5_PREPARE continuous_energy 6 14 3200
4: ENERGY_FULL10000_V5_PREPARE continuous_energy 4 14 3200
5: ENERGY_FULL10000_V5_PREPARE continuous_energy 5 14 3199
1: ENERGY_FULL10000_V5_PREPARE continuous_energy 1 14 3200
7: ENERGY_FULL10000_V5_PREPARE continuous_energy 7 14 3200
0: ENERGY_FULL10000_V5_PREPARE continuous_energy 0 15 3201
2: ENERGY_FULL10000_V5_PREPARE continuous_energy 2 15 3202
3: ENERGY_FULL10000_V5_PREPARE continuous_energy 3 15 3201
6: ENERGY_FULL10000_V5_PREPARE continuous_energy 6 15 3201
4: ENERGY_FULL10000_V5_PREPARE continuous_energy 4 15 3201
5: ENERGY_FULL10000_V5_PREPARE continuous_energy 5 15 3202
1: ENERGY_FULL10000_V5_PREPARE continuous_energy 1 15 3201
7: ENERGY_FULL10000_V5_PREPARE continuous_energy 7 15 3202
0: ENERGY_FULL10000_V5_PREPARE continuous_energy 0 16 3128
2: ENERGY_FULL10000_V5_PREPARE continuous_energy 2 16 3128
3: ENERGY_FULL10000_V5_PREPARE continuous_energy 3 16 3128
6: ENERGY_FULL10000_V5_PREPARE continuous_energy 6 16 3128
4: ENERGY_FULL10000_V5_PREPARE continuous_energy 4 16 3128
5: ENERGY_FULL10000_V5_PREPARE continuous_energy 5 16 3128
1: ENERGY_FULL10000_V5_PREPARE continuous_energy 1 16 3128
7: ENERGY_FULL10000_V5_PREPARE continuous_energy 7 16 3129
0: ENERGY_FULL10000_V5_PREPARE continuous_energy 0 17 3050
2: ENERGY_FULL10000_V5_PREPARE continuous_energy 2 17 3050
3: ENERGY_FULL10000_V5_PREPARE continuous_energy 3 17 3050
6: ENERGY_FULL10000_V5_PREPARE continuous_energy 6 17 3050
4: ENERGY_FULL10000_V5_PREPARE continuous_energy 4 17 3050
5: ENERGY_FULL10000_V5_PREPARE continuous_energy 5 17 3050
1: ENERGY_FULL10000_V5_PREPARE continuous_energy 1 17 3050
7: ENERGY_FULL10000_V5_PREPARE continuous_energy 7 17 3051
0: ENERGY_FULL10000_V5_PREPARE continuous_energy 0 18 2930
2: ENERGY_FULL10000_V5_PREPARE continuous_energy 2 18 2931
3: ENERGY_FULL10000_V5_PREPARE continuous_energy 3 18 2931
6: ENERGY_FULL10000_V5_PREPARE continuous_energy 6 18 2931
4: ENERGY_FULL10000_V5_PREPARE continuous_energy 4 18 2930
5: ENERGY_FULL10000_V5_PREPARE continuous_energy 5 18 2931
1: ENERGY_FULL10000_V5_PREPARE continuous_energy 1 18 2931
7: ENERGY_FULL10000_V5_PREPARE continuous_energy 7 18 2931
0: ENERGY_FULL10000_V5_PREPARE continuous_energy 0 19 2851
2: ENERGY_FULL10000_V5_PREPARE continuous_energy 2 19 2852
3: ENERGY_FULL10000_V5_PREPARE continuous_energy 3 19 2852
6: ENERGY_FULL10000_V5_PREPARE continuous_energy 6 19 2852
4: ENERGY_FULL10000_V5_PREPARE continuous_energy 4 19 2851
5: ENERGY_FULL10000_V5_PREPARE continuous_energy 5 19 2852
1: ENERGY_FULL10000_V5_PREPARE continuous_energy 1 19 2852
7: ENERGY_FULL10000_V5_PREPARE continuous_energy 7 19 2852
0: ENERGY_FULL10000_V5_PREPARE continuous_energy 0 20 2762
2: ENERGY_FULL10000_V5_PREPARE continuous_energy 2 20 2762
3: ENERGY_FULL10000_V5_PREPARE continuous_energy 3 20 2763
6: ENERGY_FULL10000_V5_PREPARE continuous_energy 6 20 2763
4: ENERGY_FULL10000_V5_PREPARE continuous_energy 4 20 2763
5: ENERGY_FULL10000_V5_PREPARE continuous_energy 5 20 2762
1: ENERGY_FULL10000_V5_PREPARE continuous_energy 1 20 2763
7: ENERGY_FULL10000_V5_PREPARE continuous_energy 7 20 2763
0: ELLIPSE_ITERATION energy_5e9_v5_continuous_energy 50/10000
0: ELLIPSE_ITERATION energy_5e9_v5_continuous_energy 100/10000
0: ELLIPSE_ITERATION energy_5e9_v5_continuous_energy 150/10000
0: ELLIPSE_ITERATION energy_5e9_v5_continuous_energy 200/10000
0: ELLIPSE_ITERATION energy_5e9_v5_continuous_energy 250/10000
0: ELLIPSE_ITERATION energy_5e9_v5_continuous_energy 300/10000
0: ELLIPSE_ITERATION energy_5e9_v5_continuous_energy 350/10000
0: ELLIPSE_ITERATION energy_5e9_v5_continuous_energy 400/10000
0: ELLIPSE_ITERATION energy_5e9_v5_continuous_energy 450/10000
0: ELLIPSE_ITERATION energy_5e9_v5_continuous_energy 500/10000
0: ELLIPSE_ITERATION energy_5e9_v5_continuous_energy 550/10000
0: ELLIPSE_ITERATION energy_5e9_v5_continuous_energy 600/10000
0: ELLIPSE_ITERATION energy_5e9_v5_continuous_energy 650/10000
0: ELLIPSE_ITERATION energy_5e9_v5_continuous_energy 700/10000
0: ELLIPSE_ITERATION energy_5e9_v5_continuous_energy 750/10000
0: ELLIPSE_ITERATION energy_5e9_v5_continuous_energy 800/10000
0: ELLIPSE_ITERATION energy_5e9_v5_continuous_energy 850/10000
0: ELLIPSE_ITERATION energy_5e9_v5_continuous_energy 900/10000
0: ELLIPSE_ITERATION energy_5e9_v5_continuous_energy 950/10000
0: ELLIPSE_ITERATION energy_5e9_v5_continuous_energy 1000/10000
0: ELLIPSE_ITERATION energy_5e9_v5_continuous_energy 1050/10000
0: ELLIPSE_ITERATION energy_5e9_v5_continuous_energy 1100/10000
0: ELLIPSE_ITERATION energy_5e9_v5_continuous_energy 1150/10000
0: ELLIPSE_ITERATION energy_5e9_v5_continuous_energy 1200/10000
0: ELLIPSE_ITERATION energy_5e9_v5_continuous_energy 1250/10000
0: ELLIPSE_ITERATION energy_5e9_v5_continuous_energy 1300/10000
0: ELLIPSE_ITERATION energy_5e9_v5_continuous_energy 1350/10000
0: ELLIPSE_ITERATION energy_5e9_v5_continuous_energy 1400/10000
0: ELLIPSE_ITERATION energy_5e9_v5_continuous_energy 1450/10000
0: ELLIPSE_ITERATION energy_5e9_v5_continuous_energy 1500/10000
0: ELLIPSE_ITERATION energy_5e9_v5_continuous_energy 1550/10000
0: ELLIPSE_ITERATION energy_5e9_v5_continuous_energy 1600/10000
0: ELLIPSE_ITERATION energy_5e9_v5_continuous_energy 1650/10000
0: ELLIPSE_ITERATION energy_5e9_v5_continuous_energy 1700/10000
0: ELLIPSE_ITERATION energy_5e9_v5_continuous_energy 1750/10000
0: ELLIPSE_ITERATION energy_5e9_v5_continuous_energy 1800/10000
0: ELLIPSE_ITERATION energy_5e9_v5_continuous_energy 1850/10000
0: ELLIPSE_ITERATION energy_5e9_v5_continuous_energy 1900/10000
0: ELLIPSE_ITERATION energy_5e9_v5_continuous_energy 1950/10000
0: ELLIPSE_ITERATION energy_5e9_v5_continuous_energy 2000/10000
0: ELLIPSE_ITERATION energy_5e9_v5_continuous_energy 2050/10000
0: ELLIPSE_ITERATION energy_5e9_v5_continuous_energy 2100/10000
0: ELLIPSE_ITERATION energy_5e9_v5_continuous_energy 2150/10000
0: ELLIPSE_ITERATION energy_5e9_v5_continuous_energy 2200/10000
0: ELLIPSE_ITERATION energy_5e9_v5_continuous_energy 2250/10000
0: ELLIPSE_ITERATION energy_5e9_v5_continuous_energy 2300/10000
0: ELLIPSE_ITERATION energy_5e9_v5_continuous_energy 2350/10000
0: ELLIPSE_ITERATION energy_5e9_v5_continuous_energy 2400/10000
0: ELLIPSE_ITERATION energy_5e9_v5_continuous_energy 2450/10000
0: ELLIPSE_ITERATION energy_5e9_v5_continuous_energy 2500/10000
0: ELLIPSE_ITERATION energy_5e9_v5_continuous_energy 2550/10000
0: ELLIPSE_ITERATION energy_5e9_v5_continuous_energy 2600/10000
0: ELLIPSE_ITERATION energy_5e9_v5_continuous_energy 2650/10000
0: ELLIPSE_ITERATION energy_5e9_v5_continuous_energy 2700/10000
0: ELLIPSE_ITERATION energy_5e9_v5_continuous_energy 2750/10000
0: ELLIPSE_ITERATION energy_5e9_v5_continuous_energy 2800/10000
0: ELLIPSE_ITERATION energy_5e9_v5_continuous_energy 2850/10000
0: ELLIPSE_ITERATION energy_5e9_v5_continuous_energy 2900/10000
0: ELLIPSE_ITERATION energy_5e9_v5_continuous_energy 2950/10000
0: ELLIPSE_ITERATION energy_5e9_v5_continuous_energy 3000/10000
0: ELLIPSE_ITERATION energy_5e9_v5_continuous_energy 3050/10000
0: ELLIPSE_ITERATION energy_5e9_v5_continuous_energy 3100/10000
0: ELLIPSE_ITERATION energy_5e9_v5_continuous_energy 3150/10000
0: ELLIPSE_ITERATION energy_5e9_v5_continuous_energy 3200/10000
0: ELLIPSE_ITERATION energy_5e9_v5_continuous_energy 3250/10000
0: ELLIPSE_ITERATION energy_5e9_v5_continuous_energy 3300/10000
0: ELLIPSE_ITERATION energy_5e9_v5_continuous_energy 3350/10000
0: ELLIPSE_ITERATION energy_5e9_v5_continuous_energy 3400/10000
0: ELLIPSE_ITERATION energy_5e9_v5_continuous_energy 3450/10000
0: ELLIPSE_ITERATION energy_5e9_v5_continuous_energy 3500/10000
0: ELLIPSE_ITERATION energy_5e9_v5_continuous_energy 3550/10000
0: ELLIPSE_ITERATION energy_5e9_v5_continuous_energy 3600/10000
0: ELLIPSE_ITERATION energy_5e9_v5_continuous_energy 3650/10000
0: ELLIPSE_ITERATION energy_5e9_v5_continuous_energy 3700/10000
0: ELLIPSE_ITERATION energy_5e9_v5_continuous_energy 3750/10000
0: ELLIPSE_ITERATION energy_5e9_v5_continuous_energy 3800/10000
0: ELLIPSE_ITERATION energy_5e9_v5_continuous_energy 3850/10000
0: ELLIPSE_ITERATION energy_5e9_v5_continuous_energy 3900/10000
0: ELLIPSE_ITERATION energy_5e9_v5_continuous_energy 3950/10000
0: ELLIPSE_ITERATION energy_5e9_v5_continuous_energy 4000/10000
0: ELLIPSE_ITERATION energy_5e9_v5_continuous_energy 4050/10000
0: ELLIPSE_ITERATION energy_5e9_v5_continuous_energy 4100/10000
0: ELLIPSE_ITERATION energy_5e9_v5_continuous_energy 4150/10000
0: ELLIPSE_ITERATION energy_5e9_v5_continuous_energy 4200/10000
0: ELLIPSE_ITERATION energy_5e9_v5_continuous_energy 4250/10000
0: ELLIPSE_ITERATION energy_5e9_v5_continuous_energy 4300/10000
0: ELLIPSE_ITERATION energy_5e9_v5_continuous_energy 4350/10000
0: ELLIPSE_ITERATION energy_5e9_v5_continuous_energy 4400/10000
0: ELLIPSE_ITERATION energy_5e9_v5_continuous_energy 4450/10000
0: ELLIPSE_ITERATION energy_5e9_v5_continuous_energy 4500/10000
0: ELLIPSE_ITERATION energy_5e9_v5_continuous_energy 4550/10000
0: ELLIPSE_ITERATION energy_5e9_v5_continuous_energy 4600/10000
0: ELLIPSE_ITERATION energy_5e9_v5_continuous_energy 4650/10000
0: ELLIPSE_ITERATION energy_5e9_v5_continuous_energy 4700/10000
0: ELLIPSE_ITERATION energy_5e9_v5_continuous_energy 4750/10000
0: ELLIPSE_ITERATION energy_5e9_v5_continuous_energy 4800/10000
0: ELLIPSE_ITERATION energy_5e9_v5_continuous_energy 4850/10000
0: ELLIPSE_ITERATION energy_5e9_v5_continuous_energy 4900/10000
0: ELLIPSE_ITERATION energy_5e9_v5_continuous_energy 4950/10000
0: ELLIPSE_ITERATION energy_5e9_v5_continuous_energy 5000/10000
0: ELLIPSE_ITERATION energy_5e9_v5_continuous_energy 5050/10000
0: ELLIPSE_ITERATION energy_5e9_v5_continuous_energy 5100/10000
0: ELLIPSE_ITERATION energy_5e9_v5_continuous_energy 5150/10000
0: ELLIPSE_ITERATION energy_5e9_v5_continuous_energy 5200/10000
0: ELLIPSE_ITERATION energy_5e9_v5_continuous_energy 5250/10000
0: ELLIPSE_ITERATION energy_5e9_v5_continuous_energy 5300/10000
0: ELLIPSE_ITERATION energy_5e9_v5_continuous_energy 5350/10000
0: ELLIPSE_ITERATION energy_5e9_v5_continuous_energy 5400/10000
0: ELLIPSE_ITERATION energy_5e9_v5_continuous_energy 5450/10000
0: ELLIPSE_ITERATION energy_5e9_v5_continuous_energy 5500/10000
0: ELLIPSE_ITERATION energy_5e9_v5_continuous_energy 5550/10000
0: ELLIPSE_ITERATION energy_5e9_v5_continuous_energy 5600/10000
0: ELLIPSE_ITERATION energy_5e9_v5_continuous_energy 5650/10000
0: ELLIPSE_ITERATION energy_5e9_v5_continuous_energy 5700/10000
0: ELLIPSE_ITERATION energy_5e9_v5_continuous_energy 5750/10000
0: ELLIPSE_ITERATION energy_5e9_v5_continuous_energy 5800/10000
0: ELLIPSE_ITERATION energy_5e9_v5_continuous_energy 5850/10000
0: ELLIPSE_ITERATION energy_5e9_v5_continuous_energy 5900/10000
0: ELLIPSE_ITERATION energy_5e9_v5_continuous_energy 5950/10000
0: ELLIPSE_ITERATION energy_5e9_v5_continuous_energy 6000/10000
0: ELLIPSE_ITERATION energy_5e9_v5_continuous_energy 6050/10000
0: ELLIPSE_ITERATION energy_5e9_v5_continuous_energy 6100/10000
0: ELLIPSE_ITERATION energy_5e9_v5_continuous_energy 6150/10000
0: ELLIPSE_ITERATION energy_5e9_v5_continuous_energy 6200/10000
0: ELLIPSE_ITERATION energy_5e9_v5_continuous_energy 6250/10000
0: ELLIPSE_ITERATION energy_5e9_v5_continuous_energy 6300/10000
0: ELLIPSE_ITERATION energy_5e9_v5_continuous_energy 6350/10000
0: ELLIPSE_ITERATION energy_5e9_v5_continuous_energy 6400/10000
0: ELLIPSE_ITERATION energy_5e9_v5_continuous_energy 6450/10000
0: ELLIPSE_ITERATION energy_5e9_v5_continuous_energy 6500/10000
0: ELLIPSE_ITERATION energy_5e9_v5_continuous_energy 6550/10000
0: ELLIPSE_ITERATION energy_5e9_v5_continuous_energy 6600/10000
0: ELLIPSE_ITERATION energy_5e9_v5_continuous_energy 6650/10000
0: ELLIPSE_ITERATION energy_5e9_v5_continuous_energy 6700/10000
0: ELLIPSE_ITERATION energy_5e9_v5_continuous_energy 6750/10000
0: ELLIPSE_ITERATION energy_5e9_v5_continuous_energy 6800/10000
0: ELLIPSE_ITERATION energy_5e9_v5_continuous_energy 6850/10000
0: ELLIPSE_ITERATION energy_5e9_v5_continuous_energy 6900/10000
0: ELLIPSE_ITERATION energy_5e9_v5_continuous_energy 6950/10000
0: ELLIPSE_ITERATION energy_5e9_v5_continuous_energy 7000/10000
0: ELLIPSE_ITERATION energy_5e9_v5_continuous_energy 7050/10000
0: ELLIPSE_ITERATION energy_5e9_v5_continuous_energy 7100/10000
0: ELLIPSE_ITERATION energy_5e9_v5_continuous_energy 7150/10000
0: ELLIPSE_ITERATION energy_5e9_v5_continuous_energy 7200/10000
0: ELLIPSE_ITERATION energy_5e9_v5_continuous_energy 7250/10000
0: ELLIPSE_ITERATION energy_5e9_v5_continuous_energy 7300/10000
0: ELLIPSE_ITERATION energy_5e9_v5_continuous_energy 7350/10000
0: ELLIPSE_ITERATION energy_5e9_v5_continuous_energy 7400/10000
0: ELLIPSE_ITERATION energy_5e9_v5_continuous_energy 7450/10000
0: ELLIPSE_ITERATION energy_5e9_v5_continuous_energy 7500/10000
0: ELLIPSE_ITERATION energy_5e9_v5_continuous_energy 7550/10000
0: ELLIPSE_ITERATION energy_5e9_v5_continuous_energy 7600/10000
0: ELLIPSE_ITERATION energy_5e9_v5_continuous_energy 7650/10000
0: ELLIPSE_ITERATION energy_5e9_v5_continuous_energy 7700/10000
0: ELLIPSE_ITERATION energy_5e9_v5_continuous_energy 7750/10000
0: ELLIPSE_ITERATION energy_5e9_v5_continuous_energy 7800/10000
0: ELLIPSE_ITERATION energy_5e9_v5_continuous_energy 7850/10000
0: ELLIPSE_ITERATION energy_5e9_v5_continuous_energy 7900/10000
0: ELLIPSE_ITERATION energy_5e9_v5_continuous_energy 7950/10000
0: ELLIPSE_ITERATION energy_5e9_v5_continuous_energy 8000/10000
0: ELLIPSE_ITERATION energy_5e9_v5_continuous_energy 8050/10000
0: ELLIPSE_ITERATION energy_5e9_v5_continuous_energy 8100/10000
0: ELLIPSE_ITERATION energy_5e9_v5_continuous_energy 8150/10000
0: ELLIPSE_ITERATION energy_5e9_v5_continuous_energy 8200/10000
0: ELLIPSE_ITERATION energy_5e9_v5_continuous_energy 8250/10000
0: ELLIPSE_ITERATION energy_5e9_v5_continuous_energy 8300/10000
0: ELLIPSE_ITERATION energy_5e9_v5_continuous_energy 8350/10000
0: ELLIPSE_ITERATION energy_5e9_v5_continuous_energy 8400/10000
0: ELLIPSE_ITERATION energy_5e9_v5_continuous_energy 8450/10000
0: ELLIPSE_ITERATION energy_5e9_v5_continuous_energy 8500/10000
0: ELLIPSE_ITERATION energy_5e9_v5_continuous_energy 8550/10000
0: ELLIPSE_ITERATION energy_5e9_v5_continuous_energy 8600/10000
0: ELLIPSE_ITERATION energy_5e9_v5_continuous_energy 8650/10000
0: ELLIPSE_ITERATION energy_5e9_v5_continuous_energy 8700/10000
0: ELLIPSE_ITERATION energy_5e9_v5_continuous_energy 8750/10000
0: ELLIPSE_ITERATION energy_5e9_v5_continuous_energy 8800/10000
0: ELLIPSE_ITERATION energy_5e9_v5_continuous_energy 8850/10000
0: ELLIPSE_ITERATION energy_5e9_v5_continuous_energy 8900/10000
0: ELLIPSE_ITERATION energy_5e9_v5_continuous_energy 8950/10000
0: ELLIPSE_ITERATION energy_5e9_v5_continuous_energy 9000/10000
0: ELLIPSE_ITERATION energy_5e9_v5_continuous_energy 9050/10000
0: ELLIPSE_ITERATION energy_5e9_v5_continuous_energy 9100/10000
0: ELLIPSE_ITERATION energy_5e9_v5_continuous_energy 9150/10000
0: ELLIPSE_ITERATION energy_5e9_v5_continuous_energy 9200/10000
0: ELLIPSE_ITERATION energy_5e9_v5_continuous_energy 9250/10000
0: ELLIPSE_ITERATION energy_5e9_v5_continuous_energy 9300/10000
0: ELLIPSE_ITERATION energy_5e9_v5_continuous_energy 9350/10000
0: ELLIPSE_ITERATION energy_5e9_v5_continuous_energy 9400/10000
0: ELLIPSE_ITERATION energy_5e9_v5_continuous_energy 9450/10000
0: ELLIPSE_ITERATION energy_5e9_v5_continuous_energy 9500/10000
0: ELLIPSE_ITERATION energy_5e9_v5_continuous_energy 9550/10000
0: ELLIPSE_ITERATION energy_5e9_v5_continuous_energy 9600/10000
0: ELLIPSE_ITERATION energy_5e9_v5_continuous_energy 9650/10000
0: ELLIPSE_ITERATION energy_5e9_v5_continuous_energy 9700/10000
0: ELLIPSE_ITERATION energy_5e9_v5_continuous_energy 9750/10000
0: ELLIPSE_ITERATION energy_5e9_v5_continuous_energy 9800/10000
0: ELLIPSE_ITERATION energy_5e9_v5_continuous_energy 9850/10000
0: ELLIPSE_ITERATION energy_5e9_v5_continuous_energy 9900/10000
0: ELLIPSE_ITERATION energy_5e9_v5_continuous_energy 9950/10000
0: ELLIPSE_ITERATION energy_5e9_v5_continuous_energy 10000/10000
5: ENERGY_FULL10000_V5_FORMAL_ENTRY_FINISHED continuous_energy 5
3: ENERGY_FULL10000_V5_FORMAL_ENTRY_FINISHED continuous_energy 3
2: ENERGY_FULL10000_V5_FORMAL_ENTRY_FINISHED continuous_energy 2
0: ENERGY_FULL10000_V5_FORMAL_ENTRY_FINISHED continuous_energy 0
7: ENERGY_FULL10000_V5_FORMAL_ENTRY_FINISHED continuous_energy 7
1: ENERGY_FULL10000_V5_FORMAL_ENTRY_FINISHED continuous_energy 1
6: ENERGY_FULL10000_V5_FORMAL_ENTRY_FINISHED continuous_energy 6
4: ENERGY_FULL10000_V5_FORMAL_ENTRY_FINISHED continuous_energy 4
ENERGY_FULL10000_V5_VERIFIED validation continuous_energy 483743
ENERGY_FULL10000_V5_VERIFIED formal continuous_energy 483743
ENERGY_FULL10000_V5_ENTRY_COMPLETE formal
