2: wqd10nba06g1
4: wqd10nba06g3
1: wqd10nah05g4
0: wqd10naf05g4
3: wqd10nba06g2
5: wqd10nba06g5
7: wqd10nba10g8
6: wqd10nba07g4
ENERGY_5E9_V5_FORMAL_PHASE formal angular
2: ENERGY_5E9_V5_VERIFIED validation angular 483743
4: ENERGY_5E9_V5_VERIFIED validation angular 483743
3: ENERGY_5E9_V5_VERIFIED validation angular 483743
4: ENERGY_5E9_V5_VERIFIED validation continuous_energy 483743
3: ENERGY_5E9_V5_VERIFIED validation continuous_energy 483743
2: ENERGY_5E9_V5_VERIFIED validation continuous_energy 483743
0: ENERGY_5E9_V5_VERIFIED validation angular 483743
0: ENERGY_5E9_V5_VERIFIED validation continuous_energy 483743
1: ENERGY_5E9_V5_VERIFIED validation angular 483743
1: ENERGY_5E9_V5_VERIFIED validation continuous_energy 483743
5: ENERGY_5E9_V5_VERIFIED validation angular 483743
7: ENERGY_5E9_V5_VERIFIED validation angular 483743
5: ENERGY_5E9_V5_VERIFIED validation continuous_energy 483743
6: ENERGY_5E9_V5_VERIFIED validation angular 483743
6: ENERGY_5E9_V5_VERIFIED validation continuous_energy 483743
7: ENERGY_5E9_V5_VERIFIED validation continuous_energy 483743
2: ENERGY_5E9_V5_PREPARE angular 2 1 2736
0: ENERGY_5E9_V5_PREPARE angular 0 1 2735
3: ENERGY_5E9_V5_PREPARE angular 3 1 2735
5: ENERGY_5E9_V5_PREPARE angular 5 1 2736
1: ENERGY_5E9_V5_PREPARE angular 1 1 2735
4: ENERGY_5E9_V5_PREPARE angular 4 1 2735
7: ENERGY_5E9_V5_PREPARE angular 7 1 2736
6: ENERGY_5E9_V5_PREPARE angular 6 1 2735
2: ENERGY_5E9_V5_PREPARE angular 2 2 2789
3: ENERGY_5E9_V5_PREPARE angular 3 2 2789
0: ENERGY_5E9_V5_PREPARE angular 0 2 2788
5: ENERGY_5E9_V5_PREPARE angular 5 2 2789
1: ENERGY_5E9_V5_PREPARE angular 1 2 2789
7: ENERGY_5E9_V5_PREPARE angular 7 2 2789
4: ENERGY_5E9_V5_PREPARE angular 4 2 2788
6: ENERGY_5E9_V5_PREPARE angular 6 2 2789
2: ENERGY_5E9_V5_PREPARE angular 2 3 2835
3: ENERGY_5E9_V5_PREPARE angular 3 3 2836
0: ENERGY_5E9_V5_PREPARE angular 0 3 2835
4: ENERGY_5E9_V5_PREPARE angular 4 3 2835
1: ENERGY_5E9_V5_PREPARE angular 1 3 2836
5: ENERGY_5E9_V5_PREPARE angular 5 3 2836
7: ENERGY_5E9_V5_PREPARE angular 7 3 2836
2: ENERGY_5E9_V5_PREPARE angular 2 4 2907
6: ENERGY_5E9_V5_PREPARE angular 6 3 2835
3: ENERGY_5E9_V5_PREPARE angular 3 4 2908
0: ENERGY_5E9_V5_PREPARE angular 0 4 2907
4: ENERGY_5E9_V5_PREPARE angular 4 4 2907
1: ENERGY_5E9_V5_PREPARE angular 1 4 2907
2: ENERGY_5E9_V5_PREPARE angular 2 5 2994
7: ENERGY_5E9_V5_PREPARE angular 7 4 2908
5: ENERGY_5E9_V5_PREPARE angular 5 4 2907
6: ENERGY_5E9_V5_PREPARE angular 6 4 2907
3: ENERGY_5E9_V5_PREPARE angular 3 5 2994
0: ENERGY_5E9_V5_PREPARE angular 0 5 2994
4: ENERGY_5E9_V5_PREPARE angular 4 5 2994
2: ENERGY_5E9_V5_PREPARE angular 2 6 3076
1: ENERGY_5E9_V5_PREPARE angular 1 5 2994
6: ENERGY_5E9_V5_PREPARE angular 6 5 2994
5: ENERGY_5E9_V5_PREPARE angular 5 5 2994
7: ENERGY_5E9_V5_PREPARE angular 7 5 2994
3: ENERGY_5E9_V5_PREPARE angular 3 6 3076
0: ENERGY_5E9_V5_PREPARE angular 0 6 3076
2: ENERGY_5E9_V5_PREPARE angular 2 7 3141
4: ENERGY_5E9_V5_PREPARE angular 4 6 3076
1: ENERGY_5E9_V5_PREPARE angular 1 6 3076
6: ENERGY_5E9_V5_PREPARE angular 6 6 3076
5: ENERGY_5E9_V5_PREPARE angular 5 6 3076
7: ENERGY_5E9_V5_PREPARE angular 7 6 3076
3: ENERGY_5E9_V5_PREPARE angular 3 7 3141
2: ENERGY_5E9_V5_PREPARE angular 2 8 3174
0: ENERGY_5E9_V5_PREPARE angular 0 7 3140
4: ENERGY_5E9_V5_PREPARE angular 4 7 3141
1: ENERGY_5E9_V5_PREPARE angular 1 7 3141
6: ENERGY_5E9_V5_PREPARE angular 6 7 3141
7: ENERGY_5E9_V5_PREPARE angular 7 7 3141
2: ENERGY_5E9_V5_PREPARE angular 2 9 3117
5: ENERGY_5E9_V5_PREPARE angular 5 7 3141
3: ENERGY_5E9_V5_PREPARE angular 3 8 3174
0: ENERGY_5E9_V5_PREPARE angular 0 8 3173
4: ENERGY_5E9_V5_PREPARE angular 4 8 3174
2: ENERGY_5E9_V5_PREPARE angular 2 10 3133
1: ENERGY_5E9_V5_PREPARE angular 1 8 3174
6: ENERGY_5E9_V5_PREPARE angular 6 8 3174
7: ENERGY_5E9_V5_PREPARE angular 7 8 3174
3: ENERGY_5E9_V5_PREPARE angular 3 9 3117
0: ENERGY_5E9_V5_PREPARE angular 0 9 3117
5: ENERGY_5E9_V5_PREPARE angular 5 8 3174
4: ENERGY_5E9_V5_PREPARE angular 4 9 3117
2: ENERGY_5E9_V5_PREPARE angular 2 11 3117
1: ENERGY_5E9_V5_PREPARE angular 1 9 3117
6: ENERGY_5E9_V5_PREPARE angular 6 9 3117
7: ENERGY_5E9_V5_PREPARE angular 7 9 3118
3: ENERGY_5E9_V5_PREPARE angular 3 10 3133
0: ENERGY_5E9_V5_PREPARE angular 0 10 3132
4: ENERGY_5E9_V5_PREPARE angular 4 10 3133
5: ENERGY_5E9_V5_PREPARE angular 5 9 3117
2: ENERGY_5E9_V5_PREPARE angular 2 12 3139
3: ENERGY_5E9_V5_PREPARE angular 3 11 3118
1: ENERGY_5E9_V5_PREPARE angular 1 10 3133
6: ENERGY_5E9_V5_PREPARE angular 6 10 3133
7: ENERGY_5E9_V5_PREPARE angular 7 10 3133
0: ENERGY_5E9_V5_PREPARE angular 0 11 3117
4: ENERGY_5E9_V5_PREPARE angular 4 11 3118
2: ENERGY_5E9_V5_PREPARE angular 2 13 3185
5: ENERGY_5E9_V5_PREPARE angular 5 10 3133
3: ENERGY_5E9_V5_PREPARE angular 3 12 3139
1: ENERGY_5E9_V5_PREPARE angular 1 11 3118
0: ENERGY_5E9_V5_PREPARE angular 0 12 3139
6: ENERGY_5E9_V5_PREPARE angular 6 11 3118
7: ENERGY_5E9_V5_PREPARE angular 7 11 3118
4: ENERGY_5E9_V5_PREPARE angular 4 12 3139
2: ENERGY_5E9_V5_PREPARE angular 2 14 3199
5: ENERGY_5E9_V5_PREPARE angular 5 11 3117
3: ENERGY_5E9_V5_PREPARE angular 3 13 3185
0: ENERGY_5E9_V5_PREPARE angular 0 13 3185
1: ENERGY_5E9_V5_PREPARE angular 1 12 3139
6: ENERGY_5E9_V5_PREPARE angular 6 12 3139
4: ENERGY_5E9_V5_PREPARE angular 4 13 3185
7: ENERGY_5E9_V5_PREPARE angular 7 12 3140
2: ENERGY_5E9_V5_PREPARE angular 2 15 3202
5: ENERGY_5E9_V5_PREPARE angular 5 12 3139
3: ENERGY_5E9_V5_PREPARE angular 3 14 3200
0: ENERGY_5E9_V5_PREPARE angular 0 14 3199
4: ENERGY_5E9_V5_PREPARE angular 4 14 3200
1: ENERGY_5E9_V5_PREPARE angular 1 13 3185
2: ENERGY_5E9_V5_PREPARE angular 2 16 3128
7: ENERGY_5E9_V5_PREPARE angular 7 13 3186
6: ENERGY_5E9_V5_PREPARE angular 6 13 3185
5: ENERGY_5E9_V5_PREPARE angular 5 13 3185
3: ENERGY_5E9_V5_PREPARE angular 3 15 3201
0: ENERGY_5E9_V5_PREPARE angular 0 15 3201
2: ENERGY_5E9_V5_PREPARE angular 2 17 3050
4: ENERGY_5E9_V5_PREPARE angular 4 15 3201
1: ENERGY_5E9_V5_PREPARE angular 1 14 3200
6: ENERGY_5E9_V5_PREPARE angular 6 14 3200
7: ENERGY_5E9_V5_PREPARE angular 7 14 3200
5: ENERGY_5E9_V5_PREPARE angular 5 14 3199
3: ENERGY_5E9_V5_PREPARE angular 3 16 3128
2: ENERGY_5E9_V5_PREPARE angular 2 18 2931
0: ENERGY_5E9_V5_PREPARE angular 0 16 3128
4: ENERGY_5E9_V5_PREPARE angular 4 16 3128
1: ENERGY_5E9_V5_PREPARE angular 1 15 3201
6: ENERGY_5E9_V5_PREPARE angular 6 15 3201
7: ENERGY_5E9_V5_PREPARE angular 7 15 3202
5: ENERGY_5E9_V5_PREPARE angular 5 15 3202
2: ENERGY_5E9_V5_PREPARE angular 2 19 2852
3: ENERGY_5E9_V5_PREPARE angular 3 17 3050
0: ENERGY_5E9_V5_PREPARE angular 0 17 3050
4: ENERGY_5E9_V5_PREPARE angular 4 17 3050
1: ENERGY_5E9_V5_PREPARE angular 1 16 3128
7: ENERGY_5E9_V5_PREPARE angular 7 16 3129
6: ENERGY_5E9_V5_PREPARE angular 6 16 3128
5: ENERGY_5E9_V5_PREPARE angular 5 16 3128
2: ENERGY_5E9_V5_PREPARE angular 2 20 2762
3: ENERGY_5E9_V5_PREPARE angular 3 18 2931
0: ENERGY_5E9_V5_PREPARE angular 0 18 2930
4: ENERGY_5E9_V5_PREPARE angular 4 18 2930
1: ENERGY_5E9_V5_PREPARE angular 1 17 3050
6: ENERGY_5E9_V5_PREPARE angular 6 17 3050
7: ENERGY_5E9_V5_PREPARE angular 7 17 3051
5: ENERGY_5E9_V5_PREPARE angular 5 17 3050
3: ENERGY_5E9_V5_PREPARE angular 3 19 2852
0: ENERGY_5E9_V5_PREPARE angular 0 19 2851
4: ENERGY_5E9_V5_PREPARE angular 4 19 2851
1: ENERGY_5E9_V5_PREPARE angular 1 18 2931
6: ENERGY_5E9_V5_PREPARE angular 6 18 2931
7: ENERGY_5E9_V5_PREPARE angular 7 18 2931
3: ENERGY_5E9_V5_PREPARE angular 3 20 2763
5: ENERGY_5E9_V5_PREPARE angular 5 18 2931
0: ENERGY_5E9_V5_PREPARE angular 0 20 2762
4: ENERGY_5E9_V5_PREPARE angular 4 20 2763
6: ENERGY_5E9_V5_PREPARE angular 6 19 2852
1: ENERGY_5E9_V5_PREPARE angular 1 19 2852
7: ENERGY_5E9_V5_PREPARE angular 7 19 2852
5: ENERGY_5E9_V5_PREPARE angular 5 19 2852
6: ENERGY_5E9_V5_PREPARE angular 6 20 2763
7: ENERGY_5E9_V5_PREPARE angular 7 20 2763
1: ENERGY_5E9_V5_PREPARE angular 1 20 2763
5: ENERGY_5E9_V5_PREPARE angular 5 20 2762
0: ELLIPSE_ITERATION energy_5e9_v5_angular 50/2000
0: ELLIPSE_ITERATION energy_5e9_v5_angular 100/2000
0: ELLIPSE_ITERATION energy_5e9_v5_angular 150/2000
0: ELLIPSE_ITERATION energy_5e9_v5_angular 200/2000
0: ELLIPSE_ITERATION energy_5e9_v5_angular 250/2000
0: ELLIPSE_ITERATION energy_5e9_v5_angular 300/2000
0: ELLIPSE_ITERATION energy_5e9_v5_angular 350/2000
0: ELLIPSE_ITERATION energy_5e9_v5_angular 400/2000
0: ELLIPSE_ITERATION energy_5e9_v5_angular 450/2000
0: ELLIPSE_ITERATION energy_5e9_v5_angular 500/2000
0: ELLIPSE_ITERATION energy_5e9_v5_angular 550/2000
0: ELLIPSE_ITERATION energy_5e9_v5_angular 600/2000
0: ELLIPSE_ITERATION energy_5e9_v5_angular 650/2000
0: ELLIPSE_ITERATION energy_5e9_v5_angular 700/2000
0: ELLIPSE_ITERATION energy_5e9_v5_angular 750/2000
0: ELLIPSE_ITERATION energy_5e9_v5_angular 800/2000
0: ELLIPSE_ITERATION energy_5e9_v5_angular 850/2000
0: ELLIPSE_ITERATION energy_5e9_v5_angular 900/2000
0: ELLIPSE_ITERATION energy_5e9_v5_angular 950/2000
0: ELLIPSE_ITERATION energy_5e9_v5_angular 1000/2000
0: ELLIPSE_ITERATION energy_5e9_v5_angular 1050/2000
0: ELLIPSE_ITERATION energy_5e9_v5_angular 1100/2000
0: ELLIPSE_ITERATION energy_5e9_v5_angular 1150/2000
0: ELLIPSE_ITERATION energy_5e9_v5_angular 1200/2000
0: ELLIPSE_ITERATION energy_5e9_v5_angular 1250/2000
0: ELLIPSE_ITERATION energy_5e9_v5_angular 1300/2000
0: ELLIPSE_ITERATION energy_5e9_v5_angular 1350/2000
0: ELLIPSE_ITERATION energy_5e9_v5_angular 1400/2000
0: ELLIPSE_ITERATION energy_5e9_v5_angular 1450/2000
0: ELLIPSE_ITERATION energy_5e9_v5_angular 1500/2000
0: ELLIPSE_ITERATION energy_5e9_v5_angular 1550/2000
0: ELLIPSE_ITERATION energy_5e9_v5_angular 1600/2000
0: ELLIPSE_ITERATION energy_5e9_v5_angular 1650/2000
0: ELLIPSE_ITERATION energy_5e9_v5_angular 1700/2000
0: ELLIPSE_ITERATION energy_5e9_v5_angular 1750/2000
0: ELLIPSE_ITERATION energy_5e9_v5_angular 1800/2000
0: ELLIPSE_ITERATION energy_5e9_v5_angular 1850/2000
0: ELLIPSE_ITERATION energy_5e9_v5_angular 1900/2000
0: ELLIPSE_ITERATION energy_5e9_v5_angular 1950/2000
0: ELLIPSE_ITERATION energy_5e9_v5_angular 2000/2000
6: ENERGY_5E9_V5_FORMAL_ENTRY_FINISHED angular 6
5: ENERGY_5E9_V5_FORMAL_ENTRY_FINISHED angular 5
0: ENERGY_5E9_V5_FORMAL_ENTRY_FINISHED angular 0
1: ENERGY_5E9_V5_FORMAL_ENTRY_FINISHED angular 1
3: ENERGY_5E9_V5_FORMAL_ENTRY_FINISHED angular 3
7: ENERGY_5E9_V5_FORMAL_ENTRY_FINISHED angular 7
4: ENERGY_5E9_V5_FORMAL_ENTRY_FINISHED angular 4
2: ENERGY_5E9_V5_FORMAL_ENTRY_FINISHED angular 2
ENERGY_5E9_V5_VERIFIED validation angular 483743
ENERGY_5E9_V5_VERIFIED validation continuous_energy 483743
ENERGY_5E9_V5_VERIFIED formal angular 483743
ENERGY_5E9_V5_FORMAL_PHASE formal continuous_energy
4: ENERGY_5E9_V5_VERIFIED validation angular 483743
1: ENERGY_5E9_V5_VERIFIED validation angular 483743
4: ENERGY_5E9_V5_VERIFIED validation continuous_energy 483743
1: ENERGY_5E9_V5_VERIFIED validation continuous_energy 483743
7: ENERGY_5E9_V5_VERIFIED validation angular 483743
7: ENERGY_5E9_V5_VERIFIED validation continuous_energy 483743
2: ENERGY_5E9_V5_VERIFIED validation angular 483743
2: ENERGY_5E9_V5_VERIFIED validation continuous_energy 483743
3: ENERGY_5E9_V5_VERIFIED validation angular 483743
3: ENERGY_5E9_V5_VERIFIED validation continuous_energy 483743
0: ENERGY_5E9_V5_VERIFIED validation angular 483743
0: ENERGY_5E9_V5_VERIFIED validation continuous_energy 483743
5: ENERGY_5E9_V5_VERIFIED validation angular 483743
5: ENERGY_5E9_V5_VERIFIED validation continuous_energy 483743
6: ENERGY_5E9_V5_VERIFIED validation angular 483743
6: ENERGY_5E9_V5_VERIFIED validation continuous_energy 483743
2: ENERGY_5E9_V5_PREPARE continuous_energy 2 1 2736
0: ENERGY_5E9_V5_PREPARE continuous_energy 0 1 2735
3: ENERGY_5E9_V5_PREPARE continuous_energy 3 1 2735
5: ENERGY_5E9_V5_PREPARE continuous_energy 5 1 2736
6: ENERGY_5E9_V5_PREPARE continuous_energy 6 1 2735
1: ENERGY_5E9_V5_PREPARE continuous_energy 1 1 2735
4: ENERGY_5E9_V5_PREPARE continuous_energy 4 1 2735
7: ENERGY_5E9_V5_PREPARE continuous_energy 7 1 2736
2: ENERGY_5E9_V5_PREPARE continuous_energy 2 2 2789
0: ENERGY_5E9_V5_PREPARE continuous_energy 0 2 2788
3: ENERGY_5E9_V5_PREPARE continuous_energy 3 2 2789
5: ENERGY_5E9_V5_PREPARE continuous_energy 5 2 2789
1: ENERGY_5E9_V5_PREPARE continuous_energy 1 2 2789
4: ENERGY_5E9_V5_PREPARE continuous_energy 4 2 2788
7: ENERGY_5E9_V5_PREPARE continuous_energy 7 2 2789
6: ENERGY_5E9_V5_PREPARE continuous_energy 6 2 2789
2: ENERGY_5E9_V5_PREPARE continuous_energy 2 3 2835
0: ENERGY_5E9_V5_PREPARE continuous_energy 0 3 2835
3: ENERGY_5E9_V5_PREPARE continuous_energy 3 3 2836
5: ENERGY_5E9_V5_PREPARE continuous_energy 5 3 2836
1: ENERGY_5E9_V5_PREPARE continuous_energy 1 3 2836
4: ENERGY_5E9_V5_PREPARE continuous_energy 4 3 2835
6: ENERGY_5E9_V5_PREPARE continuous_energy 6 3 2835
7: ENERGY_5E9_V5_PREPARE continuous_energy 7 3 2836
2: ENERGY_5E9_V5_PREPARE continuous_energy 2 4 2907
0: ENERGY_5E9_V5_PREPARE continuous_energy 0 4 2907
1: ENERGY_5E9_V5_PREPARE continuous_energy 1 4 2907
3: ENERGY_5E9_V5_PREPARE continuous_energy 3 4 2908
4: ENERGY_5E9_V5_PREPARE continuous_energy 4 4 2907
6: ENERGY_5E9_V5_PREPARE continuous_energy 6 4 2907
5: ENERGY_5E9_V5_PREPARE continuous_energy 5 4 2907
7: ENERGY_5E9_V5_PREPARE continuous_energy 7 4 2908
2: ENERGY_5E9_V5_PREPARE continuous_energy 2 5 2994
0: ENERGY_5E9_V5_PREPARE continuous_energy 0 5 2994
1: ENERGY_5E9_V5_PREPARE continuous_energy 1 5 2994
3: ENERGY_5E9_V5_PREPARE continuous_energy 3 5 2994
4: ENERGY_5E9_V5_PREPARE continuous_energy 4 5 2994
5: ENERGY_5E9_V5_PREPARE continuous_energy 5 5 2994
6: ENERGY_5E9_V5_PREPARE continuous_energy 6 5 2994
7: ENERGY_5E9_V5_PREPARE continuous_energy 7 5 2994
2: ENERGY_5E9_V5_PREPARE continuous_energy 2 6 3076
0: ENERGY_5E9_V5_PREPARE continuous_energy 0 6 3076
1: ENERGY_5E9_V5_PREPARE continuous_energy 1 6 3076
3: ENERGY_5E9_V5_PREPARE continuous_energy 3 6 3076
4: ENERGY_5E9_V5_PREPARE continuous_energy 4 6 3076
6: ENERGY_5E9_V5_PREPARE continuous_energy 6 6 3076
5: ENERGY_5E9_V5_PREPARE continuous_energy 5 6 3076
7: ENERGY_5E9_V5_PREPARE continuous_energy 7 6 3076
2: ENERGY_5E9_V5_PREPARE continuous_energy 2 7 3141
0: ENERGY_5E9_V5_PREPARE continuous_energy 0 7 3140
1: ENERGY_5E9_V5_PREPARE continuous_energy 1 7 3141
3: ENERGY_5E9_V5_PREPARE continuous_energy 3 7 3141
4: ENERGY_5E9_V5_PREPARE continuous_energy 4 7 3141
6: ENERGY_5E9_V5_PREPARE continuous_energy 6 7 3141
5: ENERGY_5E9_V5_PREPARE continuous_energy 5 7 3141
7: ENERGY_5E9_V5_PREPARE continuous_energy 7 7 3141
2: ENERGY_5E9_V5_PREPARE continuous_energy 2 8 3174
0: ENERGY_5E9_V5_PREPARE continuous_energy 0 8 3173
1: ENERGY_5E9_V5_PREPARE continuous_energy 1 8 3174
3: ENERGY_5E9_V5_PREPARE continuous_energy 3 8 3174
4: ENERGY_5E9_V5_PREPARE continuous_energy 4 8 3174
6: ENERGY_5E9_V5_PREPARE continuous_energy 6 8 3174
5: ENERGY_5E9_V5_PREPARE continuous_energy 5 8 3174
7: ENERGY_5E9_V5_PREPARE continuous_energy 7 8 3174
2: ENERGY_5E9_V5_PREPARE continuous_energy 2 9 3117
0: ENERGY_5E9_V5_PREPARE continuous_energy 0 9 3117
1: ENERGY_5E9_V5_PREPARE continuous_energy 1 9 3117
3: ENERGY_5E9_V5_PREPARE continuous_energy 3 9 3117
4: ENERGY_5E9_V5_PREPARE continuous_energy 4 9 3117
5: ENERGY_5E9_V5_PREPARE continuous_energy 5 9 3117
6: ENERGY_5E9_V5_PREPARE continuous_energy 6 9 3117
7: ENERGY_5E9_V5_PREPARE continuous_energy 7 9 3118
2: ENERGY_5E9_V5_PREPARE continuous_energy 2 10 3133
0: ENERGY_5E9_V5_PREPARE continuous_energy 0 10 3132
1: ENERGY_5E9_V5_PREPARE continuous_energy 1 10 3133
3: ENERGY_5E9_V5_PREPARE continuous_energy 3 10 3133
4: ENERGY_5E9_V5_PREPARE continuous_energy 4 10 3133
5: ENERGY_5E9_V5_PREPARE continuous_energy 5 10 3133
6: ENERGY_5E9_V5_PREPARE continuous_energy 6 10 3133
7: ENERGY_5E9_V5_PREPARE continuous_energy 7 10 3133
2: ENERGY_5E9_V5_PREPARE continuous_energy 2 11 3117
0: ENERGY_5E9_V5_PREPARE continuous_energy 0 11 3117
1: ENERGY_5E9_V5_PREPARE continuous_energy 1 11 3118
3: ENERGY_5E9_V5_PREPARE continuous_energy 3 11 3118
4: ENERGY_5E9_V5_PREPARE continuous_energy 4 11 3118
5: ENERGY_5E9_V5_PREPARE continuous_energy 5 11 3117
6: ENERGY_5E9_V5_PREPARE continuous_energy 6 11 3118
7: ENERGY_5E9_V5_PREPARE continuous_energy 7 11 3118
2: ENERGY_5E9_V5_PREPARE continuous_energy 2 12 3139
0: ENERGY_5E9_V5_PREPARE continuous_energy 0 12 3139
1: ENERGY_5E9_V5_PREPARE continuous_energy 1 12 3139
3: ENERGY_5E9_V5_PREPARE continuous_energy 3 12 3139
4: ENERGY_5E9_V5_PREPARE continuous_energy 4 12 3139
5: ENERGY_5E9_V5_PREPARE continuous_energy 5 12 3139
6: ENERGY_5E9_V5_PREPARE continuous_energy 6 12 3139
7: ENERGY_5E9_V5_PREPARE continuous_energy 7 12 3140
2: ENERGY_5E9_V5_PREPARE continuous_energy 2 13 3185
0: ENERGY_5E9_V5_PREPARE continuous_energy 0 13 3185
1: ENERGY_5E9_V5_PREPARE continuous_energy 1 13 3185
3: ENERGY_5E9_V5_PREPARE continuous_energy 3 13 3185
4: ENERGY_5E9_V5_PREPARE continuous_energy 4 13 3185
7: ENERGY_5E9_V5_PREPARE continuous_energy 7 13 3186
5: ENERGY_5E9_V5_PREPARE continuous_energy 5 13 3185
6: ENERGY_5E9_V5_PREPARE continuous_energy 6 13 3185
2: ENERGY_5E9_V5_PREPARE continuous_energy 2 14 3199
0: ENERGY_5E9_V5_PREPARE continuous_energy 0 14 3199
1: ENERGY_5E9_V5_PREPARE continuous_energy 1 14 3200
3: ENERGY_5E9_V5_PREPARE continuous_energy 3 14 3200
4: ENERGY_5E9_V5_PREPARE continuous_energy 4 14 3200
5: ENERGY_5E9_V5_PREPARE continuous_energy 5 14 3199
6: ENERGY_5E9_V5_PREPARE continuous_energy 6 14 3200
7: ENERGY_5E9_V5_PREPARE continuous_energy 7 14 3200
2: ENERGY_5E9_V5_PREPARE continuous_energy 2 15 3202
0: ENERGY_5E9_V5_PREPARE continuous_energy 0 15 3201
1: ENERGY_5E9_V5_PREPARE continuous_energy 1 15 3201
3: ENERGY_5E9_V5_PREPARE continuous_energy 3 15 3201
4: ENERGY_5E9_V5_PREPARE continuous_energy 4 15 3201
5: ENERGY_5E9_V5_PREPARE continuous_energy 5 15 3202
7: ENERGY_5E9_V5_PREPARE continuous_energy 7 15 3202
6: ENERGY_5E9_V5_PREPARE continuous_energy 6 15 3201
2: ENERGY_5E9_V5_PREPARE continuous_energy 2 16 3128
0: ENERGY_5E9_V5_PREPARE continuous_energy 0 16 3128
1: ENERGY_5E9_V5_PREPARE continuous_energy 1 16 3128
3: ENERGY_5E9_V5_PREPARE continuous_energy 3 16 3128
4: ENERGY_5E9_V5_PREPARE continuous_energy 4 16 3128
5: ENERGY_5E9_V5_PREPARE continuous_energy 5 16 3128
7: ENERGY_5E9_V5_PREPARE continuous_energy 7 16 3129
6: ENERGY_5E9_V5_PREPARE continuous_energy 6 16 3128
2: ENERGY_5E9_V5_PREPARE continuous_energy 2 17 3050
0: ENERGY_5E9_V5_PREPARE continuous_energy 0 17 3050
1: ENERGY_5E9_V5_PREPARE continuous_energy 1 17 3050
3: ENERGY_5E9_V5_PREPARE continuous_energy 3 17 3050
4: ENERGY_5E9_V5_PREPARE continuous_energy 4 17 3050
5: ENERGY_5E9_V5_PREPARE continuous_energy 5 17 3050
7: ENERGY_5E9_V5_PREPARE continuous_energy 7 17 3051
6: ENERGY_5E9_V5_PREPARE continuous_energy 6 17 3050
2: ENERGY_5E9_V5_PREPARE continuous_energy 2 18 2931
0: ENERGY_5E9_V5_PREPARE continuous_energy 0 18 2930
1: ENERGY_5E9_V5_PREPARE continuous_energy 1 18 2931
3: ENERGY_5E9_V5_PREPARE continuous_energy 3 18 2931
4: ENERGY_5E9_V5_PREPARE continuous_energy 4 18 2930
5: ENERGY_5E9_V5_PREPARE continuous_energy 5 18 2931
7: ENERGY_5E9_V5_PREPARE continuous_energy 7 18 2931
6: ENERGY_5E9_V5_PREPARE continuous_energy 6 18 2931
2: ENERGY_5E9_V5_PREPARE continuous_energy 2 19 2852
0: ENERGY_5E9_V5_PREPARE continuous_energy 0 19 2851
1: ENERGY_5E9_V5_PREPARE continuous_energy 1 19 2852
3: ENERGY_5E9_V5_PREPARE continuous_energy 3 19 2852
4: ENERGY_5E9_V5_PREPARE continuous_energy 4 19 2851
7: ENERGY_5E9_V5_PREPARE continuous_energy 7 19 2852
5: ENERGY_5E9_V5_PREPARE continuous_energy 5 19 2852
6: ENERGY_5E9_V5_PREPARE continuous_energy 6 19 2852
2: ENERGY_5E9_V5_PREPARE continuous_energy 2 20 2762
0: ENERGY_5E9_V5_PREPARE continuous_energy 0 20 2762
1: ENERGY_5E9_V5_PREPARE continuous_energy 1 20 2763
3: ENERGY_5E9_V5_PREPARE continuous_energy 3 20 2763
4: ENERGY_5E9_V5_PREPARE continuous_energy 4 20 2763
7: ENERGY_5E9_V5_PREPARE continuous_energy 7 20 2763
6: ENERGY_5E9_V5_PREPARE continuous_energy 6 20 2763
5: ENERGY_5E9_V5_PREPARE continuous_energy 5 20 2762
0: ELLIPSE_ITERATION energy_5e9_v5_continuous_energy 50/2000
0: ELLIPSE_ITERATION energy_5e9_v5_continuous_energy 100/2000
0: ELLIPSE_ITERATION energy_5e9_v5_continuous_energy 150/2000
0: ELLIPSE_ITERATION energy_5e9_v5_continuous_energy 200/2000
0: ELLIPSE_ITERATION energy_5e9_v5_continuous_energy 250/2000
0: ELLIPSE_ITERATION energy_5e9_v5_continuous_energy 300/2000
0: ELLIPSE_ITERATION energy_5e9_v5_continuous_energy 350/2000
0: ELLIPSE_ITERATION energy_5e9_v5_continuous_energy 400/2000
0: ELLIPSE_ITERATION energy_5e9_v5_continuous_energy 450/2000
0: ELLIPSE_ITERATION energy_5e9_v5_continuous_energy 500/2000
0: ELLIPSE_ITERATION energy_5e9_v5_continuous_energy 550/2000
0: ELLIPSE_ITERATION energy_5e9_v5_continuous_energy 600/2000
0: ELLIPSE_ITERATION energy_5e9_v5_continuous_energy 650/2000
0: ELLIPSE_ITERATION energy_5e9_v5_continuous_energy 700/2000
0: ELLIPSE_ITERATION energy_5e9_v5_continuous_energy 750/2000
0: ELLIPSE_ITERATION energy_5e9_v5_continuous_energy 800/2000
0: ELLIPSE_ITERATION energy_5e9_v5_continuous_energy 850/2000
0: ELLIPSE_ITERATION energy_5e9_v5_continuous_energy 900/2000
0: ELLIPSE_ITERATION energy_5e9_v5_continuous_energy 950/2000
0: ELLIPSE_ITERATION energy_5e9_v5_continuous_energy 1000/2000
0: ELLIPSE_ITERATION energy_5e9_v5_continuous_energy 1050/2000
0: ELLIPSE_ITERATION energy_5e9_v5_continuous_energy 1100/2000
0: ELLIPSE_ITERATION energy_5e9_v5_continuous_energy 1150/2000
0: ELLIPSE_ITERATION energy_5e9_v5_continuous_energy 1200/2000
0: ELLIPSE_ITERATION energy_5e9_v5_continuous_energy 1250/2000
0: ELLIPSE_ITERATION energy_5e9_v5_continuous_energy 1300/2000
0: ELLIPSE_ITERATION energy_5e9_v5_continuous_energy 1350/2000
0: ELLIPSE_ITERATION energy_5e9_v5_continuous_energy 1400/2000
0: ELLIPSE_ITERATION energy_5e9_v5_continuous_energy 1450/2000
0: ELLIPSE_ITERATION energy_5e9_v5_continuous_energy 1500/2000
0: ELLIPSE_ITERATION energy_5e9_v5_continuous_energy 1550/2000
0: ELLIPSE_ITERATION energy_5e9_v5_continuous_energy 1600/2000
0: ELLIPSE_ITERATION energy_5e9_v5_continuous_energy 1650/2000
0: ELLIPSE_ITERATION energy_5e9_v5_continuous_energy 1700/2000
0: ELLIPSE_ITERATION energy_5e9_v5_continuous_energy 1750/2000
0: ELLIPSE_ITERATION energy_5e9_v5_continuous_energy 1800/2000
0: ELLIPSE_ITERATION energy_5e9_v5_continuous_energy 1850/2000
0: ELLIPSE_ITERATION energy_5e9_v5_continuous_energy 1900/2000
0: ELLIPSE_ITERATION energy_5e9_v5_continuous_energy 1950/2000
0: ELLIPSE_ITERATION energy_5e9_v5_continuous_energy 2000/2000
4: ENERGY_5E9_V5_FORMAL_ENTRY_FINISHED continuous_energy 4
1: ENERGY_5E9_V5_FORMAL_ENTRY_FINISHED continuous_energy 1
3: ENERGY_5E9_V5_FORMAL_ENTRY_FINISHED continuous_energy 3
7: ENERGY_5E9_V5_FORMAL_ENTRY_FINISHED continuous_energy 7
5: ENERGY_5E9_V5_FORMAL_ENTRY_FINISHED continuous_energy 5
2: ENERGY_5E9_V5_FORMAL_ENTRY_FINISHED continuous_energy 2
0: ENERGY_5E9_V5_FORMAL_ENTRY_FINISHED continuous_energy 0
6: ENERGY_5E9_V5_FORMAL_ENTRY_FINISHED continuous_energy 6
ENERGY_5E9_V5_VERIFIED validation angular 483743
ENERGY_5E9_V5_VERIFIED validation continuous_energy 483743
ENERGY_5E9_V5_VERIFIED formal continuous_energy 483743
ENERGY_5E9_V5_FORMAL_ENTRY_COMPLETE formal
