cuda-12.9 loaded successful
IMMUTABLE_SLAB_SHA_PASS A218 0
IMMUTABLE_SLAB_SHA_PASS A218 1
IMMUTABLE_SLAB_SHA_PASS A218 2
IMMUTABLE_SLAB_SHA_PASS A218 3
IMMUTABLE_SLAB_SHA_PASS A440 0
IMMUTABLE_SLAB_SHA_PASS A440 1
IMMUTABLE_SLAB_SHA_PASS A440 2
IMMUTABLE_SLAB_SHA_PASS A440 3
IMMUTABLE_SLAB_SHA_PASS C440to218 0
IMMUTABLE_SLAB_SHA_PASS C440to218 1
IMMUTABLE_SLAB_SHA_PASS C440to218 2
IMMUTABLE_SLAB_SHA_PASS C440to218 3
COMPLETE_FACTOR_SHA_PASS A218
COMPLETE_FACTOR_SHA_PASS A440
CONVERSION_LAYER 11 40
CONVERSION_LAYER 12 40
CONVERSION_LAYER 13 40
CONVERSION_LAYER 14 40
CONVERSION_LAYER 15 40
CONVERSION_LAYER 16 40
CONVERSION_LAYER 17 40
CONVERSION_LAYER 18 40
CONVERSION_LAYER 19 40
CONVERSION_LAYER 20 40
CONVERSION_LAYER 21 40
CONVERSION_LAYER 22 40
CONVERSION_LAYER 23 40
CONVERSION_LAYER 24 40
CONVERSION_LAYER 25 40
CONVERSION_LAYER 26 40
CONVERSION_LAYER 27 40
CONVERSION_LAYER 28 40
CONVERSION_LAYER 29 40
CONVERSION_LAYER 30 40
CONVERSION_LAYER 31 40
CONVERSION_LAYER 32 40
CONVERSION_LAYER 33 40
CONVERSION_LAYER 34 40
CONVERSION_LAYER 35 40
CONVERSION_LAYER 36 40
CONVERSION_LAYER 37 40
CONVERSION_LAYER 38 40
CONVERSION_LAYER 39 40
CONVERSION_LAYER 40 40
CONVERSION_ONLY_COMPLETE 853.349197323434
